   Γû▓ Next.js 15.5.12
   - Environments: .env.local

   Creating an optimized production build ...
 Γ£ô Compiled successfully in 2.8s
   Linting and checking validity of types ...
   Collecting page data ...
   Generating static pages (0/12) ...
   Generating static pages (3/12) 
   Generating static pages (6/12) 
   Generating static pages (9/12) 
 Γ£ô Generating static pages (12/12)
   Finalizing page optimization ...
   Collecting build traces ...

Route (app)                                 Size  First Load JS
Γöî Γùï /                                    4.36 kB         107 kB
Γö£ Γùï /_not-found                            992 B         103 kB
Γö£ ╞Æ /api/auth/login                        139 B         102 kB
Γö£ ╞Æ /api/auth/logout                       139 B         102 kB
Γö£ ╞Æ /api/auth/me                           139 B         102 kB
Γö£ ╞Æ /api/auth/signup                       139 B         102 kB
Γö£ ╞Æ /api/enquiries                         139 B         102 kB
Γö£ ╞Æ /api/enquiries/[id]                    139 B         102 kB
Γö£ ╞Æ /api/metrics                           139 B         102 kB
Γö£ Γùï /login                               2.04 kB         104 kB
Γöö Γùï /signup                              2.12 kB         104 kB
+ First Load JS shared by all             102 kB
  Γö£ chunks/255-ebd51be49873d76c.js         46 kB
  Γö£ chunks/4bd1b696-c023c6e3521b1417.js  54.2 kB
  Γöö other shared chunks (total)          1.99 kB


╞Æ Middleware                             40.4 kB

Γùï  (Static)   prerendered as static content
╞Æ  (Dynamic)  server-rendered on demand

